[buddsoft.com/templates/21/index.html]
[backblue.gif]
[fade.gif]
[index.html]
[buddsoft.com/templates/21/img/favicon.0.delayed]
[cdnjs.cloudflare.com/ajax/libs/font-awesome/5.10.0/css/all.min.css]
[cdn.jsdelivr.net/npm/bootstrap-icons@1.4.1/font/bootstrap-icons.css]
[buddsoft.com/templates/21/img/icons/icon-1.png]
[buddsoft.com/templates/21/index-2.html]
[buddsoft.com/templates/21/about.html]
[buddsoft.com/templates/21/service.html]
[buddsoft.com/templates/21/feature.html]
[buddsoft.com/templates/21/project.html]
[buddsoft.com/templates/21/team.html]
[buddsoft.com/templates/21/appointment.html]
[buddsoft.com/templates/21/testimonial.html]
[buddsoft.com/templates/21/404.html]
[buddsoft.com/templates/21/contact.html]
[buddsoft.com/templates/21/img/carousel-1.jpg]
[buddsoft.com/templates/21/img/carousel-2.jpg]
[buddsoft.com/templates/21/img/carousel-3.jpg]
[buddsoft.com/templates/21/img/icons/icon-2.png]
[buddsoft.com/templates/21/img/icons/icon-3.png]
[buddsoft.com/templates/21/img/icons/icon-4.png]
[buddsoft.com/templates/21/img/about-1.jpg]
[buddsoft.com/templates/21/img/about-2.jpg]
[buddsoft.com/templates/21/img/service-1.jpg]
[buddsoft.com/templates/21/img/icons/icon-5.png]
[buddsoft.com/templates/21/img/service-2.jpg]
[buddsoft.com/templates/21/img/icons/icon-6.png]
[buddsoft.com/templates/21/img/service-3.jpg]
[buddsoft.com/templates/21/img/icons/icon-7.png]
[buddsoft.com/templates/21/img/service-4.jpg]
[buddsoft.com/templates/21/img/icons/icon-8.png]
[buddsoft.com/templates/21/img/service-5.jpg]
[buddsoft.com/templates/21/img/icons/icon-9.png]
[buddsoft.com/templates/21/img/service-6.jpg]
[buddsoft.com/templates/21/img/icons/icon-10.png]
[buddsoft.com/templates/21/img/project-1.jpg]
[buddsoft.com/templates/21/img/project-2.jpg]
[buddsoft.com/templates/21/img/project-3.jpg]
[buddsoft.com/templates/21/img/project-4.jpg]
[buddsoft.com/templates/21/img/team-1.jpg]
[buddsoft.com/templates/21/img/team-2.jpg]
[buddsoft.com/templates/21/img/team-3.jpg]
[buddsoft.com/templates/21/img/team-4.jpg]
[buddsoft.com/templates/21/img/testimonial-1.jpg]
[buddsoft.com/templates/21/img/testimonial-2.jpg]
[buddsoft.com/templates/21/img/testimonial-3.jpg]
[code.jquery.com/jquery-3.4.1.min.js]
[cdn.jsdelivr.net/npm/bootstrap@5.0.0/dist/js/bootstrap.bundle.min.js]
[buddsoft.com/templates/21/lib/wow/wow.min.js]
[buddsoft.com/templates/21/lib/easing/easing.min.js]
[buddsoft.com/templates/21/lib/waypoints/waypoints.min.js]
[buddsoft.com/templates/21/lib/counterup/counterup.min.js]
[buddsoft.com/templates/21/lib/owlcarousel/owl.carousel.min.js]
[buddsoft.com/templates/21/lib/tempusdominus/js/moment.min.js]
[buddsoft.com/templates/21/lib/tempusdominus/js/moment-timezone.min.js]
[buddsoft.com/templates/21/lib/tempusdominus/js/tempusdominus-bootstrap-4.min.js]
[buddsoft.com/templates/21/js/main.js]
[buddsoft.com/templates/21/index.html]
[buddsoft.com/templates/21/img/favicon.html]
[cdnjs.cloudflare.com/ajax/libs/font-awesome/5.10.0/css/all.min.css]
[cdn.jsdelivr.net/npm/bootstrap-icons@1.4.1/font/fonts/bootstrap-iconsfb95.woff2]
[cdn.jsdelivr.net/npm/bootstrap-icons@1.4.1/font/fonts/bootstrap-iconsfb95.woff]
[cdn.jsdelivr.net/npm/bootstrap-icons@1.4.1/font/bootstrap-icons.css]
[buddsoft.com/templates/21/lib/animate/animate.min.css]
[buddsoft.com/templates/21/lib/owlcarousel/assets/owl.video.play.png]
[buddsoft.com/templates/21/lib/owlcarousel/assets/owl.carousel.min.css]
[buddsoft.com/templates/21/lib/tempusdominus/css/tempusdominus-bootstrap-4.min.css]
[buddsoft.com/templates/21/css/bootstrap.min.css]
[buddsoft.com/templates/21/css/style.css]
[buddsoft.com/templates/21/index-2.html]
[buddsoft.com/templates/21/about.html]
[buddsoft.com/templates/21/service.html]
[buddsoft.com/templates/21/feature.html]
[buddsoft.com/templates/21/project.html]
[buddsoft.com/templates/21/team.html]
[buddsoft.com/templates/21/appointment.html]
[buddsoft.com/templates/21/testimonial.html]
[buddsoft.com/templates/21/404.html]
[buddsoft.com/templates/21/contact.html]
